Component: ARM Compiler 6.15 Tool: armlink [5dd79300]

==============================================================================

Section Cross References

    startup_stm32f10x_cl.o(STACK) refers (Special) to heapauxi.o(.text) for __use_two_region_memory
    startup_stm32f10x_cl.o(HEAP) refers (Special) to heapauxi.o(.text) for __use_two_region_memory
    startup_stm32f10x_cl.o(RESET) refers (Special) to heapauxi.o(.text) for __use_two_region_memory
    startup_stm32f10x_cl.o(RESET) refers to startup_stm32f10x_cl.o(STACK) for __initial_sp
    startup_stm32f10x_cl.o(RESET) refers to startup_stm32f10x_cl.o(.text) for Reset_Handler
    startup_stm32f10x_cl.o(RESET) refers to lto-llvm-c8b2bf.o(.text.NMI_Handler) for NMI_Handler
    startup_stm32f10x_cl.o(RESET) refers to lto-llvm-c8b2bf.o(.text.HardFault_Handler) for HardFault_Handler
    startup_stm32f10x_cl.o(RESET) refers to lto-llvm-c8b2bf.o(.text.MemManage_Handler) for MemManage_Handler
    startup_stm32f10x_cl.o(RESET) refers to lto-llvm-c8b2bf.o(.text.BusFault_Handler) for BusFault_Handler
    startup_stm32f10x_cl.o(RESET) refers to lto-llvm-c8b2bf.o(.text.UsageFault_Handler) for UsageFault_Handler
    startup_stm32f10x_cl.o(RESET) refers to lto-llvm-c8b2bf.o(.text.SVC_Handler) for SVC_Handler
    startup_stm32f10x_cl.o(RESET) refers to lto-llvm-c8b2bf.o(.text.DebugMon_Handler) for DebugMon_Handler
    startup_stm32f10x_cl.o(RESET) refers to lto-llvm-c8b2bf.o(.text.PendSV_Handler) for PendSV_Handler
    startup_stm32f10x_cl.o(RESET) refers to lto-llvm-c8b2bf.o(.text.SysTick_Handler) for SysTick_Handler
    startup_stm32f10x_cl.o(.text) refers (Special) to heapauxi.o(.text) for __use_two_region_memory
    startup_stm32f10x_cl.o(.text) refers to lto-llvm-c8b2bf.o(.text.SystemInit) for SystemInit
    startup_stm32f10x_cl.o(.text) refers to __main.o(!!!main) for __main
    startup_stm32f10x_cl.o(.text) refers to startup_stm32f10x_cl.o(HEAP) for Heap_Mem
    startup_stm32f10x_cl.o(.text) refers to startup_stm32f10x_cl.o(STACK) for Stack_Mem
    __main.o(!!!main) refers to __rtentry.o(.ARM.Collect$$rtentry$$00000000) for __rt_entry
    __rtentry.o(.ARM.Collect$$rtentry$$00000000) refers (Special) to __rtentry2.o(.ARM.Collect$$rtentry$$0000000A) for __rt_entry_li
    __rtentry.o(.ARM.Collect$$rtentry$$00000000) refers (Special) to __rtentry2.o(.ARM.Collect$$rtentry$$0000000D) for __rt_entry_main
    __rtentry.o(.ARM.Collect$$rtentry$$00000000) refers (Special) to __rtentry2.o(.ARM.Collect$$rtentry$$0000000C) for __rt_entry_postli_1
    __rtentry.o(.ARM.Collect$$rtentry$$00000000) refers (Special) to __rtentry2.o(.ARM.Collect$$rtentry$$00000009) for __rt_entry_postsh_1
    __rtentry.o(.ARM.Collect$$rtentry$$00000000) refers (Special) to __rtentry2.o(.ARM.Collect$$rtentry$$00000002) for __rt_entry_presh_1
    __rtentry.o(.ARM.Collect$$rtentry$$00000000) refers (Special) to __rtentry4.o(.ARM.Collect$$rtentry$$00000004) for __rt_entry_sh
    __rtentry2.o(.ARM.Collect$$rtentry$$00000008) refers to boardinit2.o(.text) for _platform_post_stackheap_init
    __rtentry2.o(.ARM.Collect$$rtentry$$0000000A) refers to libinit.o(.ARM.Collect$$libinit$$00000000) for __rt_lib_init
    __rtentry2.o(.ARM.Collect$$rtentry$$0000000B) refers to boardinit3.o(.text) for _platform_post_lib_init
    __rtentry2.o(.ARM.Collect$$rtentry$$0000000D) refers to lto-llvm-c8b2bf.o(.text.main) for main
    __rtentry2.o(.ARM.Collect$$rtentry$$0000000D) refers to exit.o(.text) for exit
    __rtentry2.o(.ARM.exidx) refers to __rtentry2.o(.ARM.Collect$$rtentry$$00000001) for .ARM.Collect$$rtentry$$00000001
    __rtentry2.o(.ARM.exidx) refers to __rtentry2.o(.ARM.Collect$$rtentry$$00000008) for .ARM.Collect$$rtentry$$00000008
    __rtentry2.o(.ARM.exidx) refers to __rtentry2.o(.ARM.Collect$$rtentry$$0000000A) for .ARM.Collect$$rtentry$$0000000A
    __rtentry2.o(.ARM.exidx) refers to __rtentry2.o(.ARM.Collect$$rtentry$$0000000B) for .ARM.Collect$$rtentry$$0000000B
    __rtentry2.o(.ARM.exidx) refers to __rtentry2.o(.ARM.Collect$$rtentry$$0000000D) for .ARM.Collect$$rtentry$$0000000D
    __rtentry4.o(.ARM.Collect$$rtentry$$00000004) refers to sys_stackheap_outer.o(.text) for __user_setup_stackheap
    __rtentry4.o(.ARM.exidx) refers to __rtentry4.o(.ARM.Collect$$rtentry$$00000004) for .ARM.Collect$$rtentry$$00000004
    sys_stackheap_outer.o(.text) refers to libspace.o(.text) for __user_perproc_libspace
    sys_stackheap_outer.o(.text) refers to startup_stm32f10x_cl.o(.text) for __user_initial_stackheap
    exit.o(.text) refers to rtexit.o(.ARM.Collect$$rtexit$$00000000) for __rt_exit
    libinit.o(.ARM.Collect$$libinit$$00000000) refers (Special) to libinit2.o(.ARM.Collect$$libinit$$0000002E) for __rt_lib_init_alloca_1
    libinit.o(.ARM.Collect$$libinit$$00000000) refers (Special) to libinit2.o(.ARM.Collect$$libinit$$0000002C) for __rt_lib_init_argv_1
    libinit.o(.ARM.Collect$$libinit$$00000000) refers (Special) to libinit2.o(.ARM.Collect$$libinit$$0000001B) for __rt_lib_init_atexit_1
    libinit.o(.ARM.Collect$$libinit$$00000000) refers (Special) to libinit2.o(.ARM.Collect$$libinit$$00000021) for __rt_lib_init_clock_1
    libinit.o(.ARM.Collect$$libinit$$00000000) refers (Special) to libinit2.o(.ARM.Collect$$libinit$$00000032) for __rt_lib_init_cpp_1
    libinit.o(.ARM.Collect$$libinit$$00000000) refers (Special) to libinit2.o(.ARM.Collect$$libinit$$00000030) for __rt_lib_init_exceptions_1
    libinit.o(.ARM.Collect$$libinit$$00000000) refers (Special) to libinit2.o(.ARM.Collect$$libinit$$00000002) for __rt_lib_init_fp_1
    libinit.o(.ARM.Collect$$libinit$$00000000) refers (Special) to libinit2.o(.ARM.Collect$$libinit$$0000001F) for __rt_lib_init_fp_trap_1
    libinit.o(.ARM.Collect$$libinit$$00000000) refers (Special) to libinit2.o(.ARM.Collect$$libinit$$00000023) for __rt_lib_init_getenv_1
    libinit.o(.ARM.Collect$$libinit$$00000000) refers (Special) to libinit2.o(.ARM.Collect$$libinit$$0000000A) for __rt_lib_init_heap_1
    libinit.o(.ARM.Collect$$libinit$$00000000) refers (Special) to libinit2.o(.ARM.Collect$$libinit$$00000011) for __rt_lib_init_lc_collate_1
    libinit.o(.ARM.Collect$$libinit$$00000000) refers (Special) to libinit2.o(.ARM.Collect$$libinit$$00000013) for __rt_lib_init_lc_ctype_1
    libinit.o(.ARM.Collect$$libinit$$00000000) refers (Special) to libinit2.o(.ARM.Collect$$libinit$$00000015) for __rt_lib_init_lc_monetary_1
    libinit.o(.ARM.Collect$$libinit$$00000000) refers (Special) to libinit2.o(.ARM.Collect$$libinit$$00000017) for __rt_lib_init_lc_numeric_1
    libinit.o(.ARM.Collect$$libinit$$00000000) refers (Special) to libinit2.o(.ARM.Collect$$libinit$$00000019) for __rt_lib_init_lc_time_1
    libinit.o(.ARM.Collect$$libinit$$00000000) refers (Special) to libinit2.o(.ARM.Collect$$libinit$$00000004) for __rt_lib_init_preinit_1
    libinit.o(.ARM.Collect$$libinit$$00000000) refers (Special) to libinit2.o(.ARM.Collect$$libinit$$0000000E) for __rt_lib_init_rand_1
    libinit.o(.ARM.Collect$$libinit$$00000000) refers (Special) to libinit2.o(.ARM.Collect$$libinit$$00000033) for __rt_lib_init_return
    libinit.o(.ARM.Collect$$libinit$$00000000) refers (Special) to libinit2.o(.ARM.Collect$$libinit$$0000001D) for __rt_lib_init_signal_1
    libinit.o(.ARM.Collect$$libinit$$00000000) refers (Special) to libinit2.o(.ARM.Collect$$libinit$$00000025) for __rt_lib_init_stdio_1
    libinit.o(.ARM.Collect$$libinit$$00000000) refers (Special) to libinit2.o(.ARM.Collect$$libinit$$0000000C) for __rt_lib_init_user_alloc_1
    libspace.o(.text) refers to libspace.o(.bss) for __libspace_start
    rtexit.o(.ARM.Collect$$rtexit$$00000000) refers (Special) to rtexit2.o(.ARM.Collect$$rtexit$$00000004) for __rt_exit_exit
    rtexit.o(.ARM.Collect$$rtexit$$00000000) refers (Special) to rtexit2.o(.ARM.Collect$$rtexit$$00000003) for __rt_exit_ls
    rtexit.o(.ARM.Collect$$rtexit$$00000000) refers (Special) to rtexit2.o(.ARM.Collect$$rtexit$$00000002) for __rt_exit_prels_1
    rtexit.o(.ARM.exidx) refers (Special) to rtexit2.o(.ARM.Collect$$rtexit$$00000004) for __rt_exit_exit
    rtexit.o(.ARM.exidx) refers (Special) to rtexit2.o(.ARM.Collect$$rtexit$$00000003) for __rt_exit_ls
    rtexit.o(.ARM.exidx) refers (Special) to rtexit2.o(.ARM.Collect$$rtexit$$00000002) for __rt_exit_prels_1
    rtexit.o(.ARM.exidx) refers to rtexit.o(.ARM.Collect$$rtexit$$00000000) for .ARM.Collect$$rtexit$$00000000
    libinit2.o(.ARM.Collect$$libinit$$00000010) refers to libinit2.o(.ARM.Collect$$libinit$$0000000F) for .ARM.Collect$$libinit$$0000000F
    libinit2.o(.ARM.Collect$$libinit$$00000012) refers to libinit2.o(.ARM.Collect$$libinit$$0000000F) for .ARM.Collect$$libinit$$0000000F
    libinit2.o(.ARM.Collect$$libinit$$00000014) refers to libinit2.o(.ARM.Collect$$libinit$$0000000F) for .ARM.Collect$$libinit$$0000000F
    libinit2.o(.ARM.Collect$$libinit$$00000016) refers to libinit2.o(.ARM.Collect$$libinit$$0000000F) for .ARM.Collect$$libinit$$0000000F
    libinit2.o(.ARM.Collect$$libinit$$00000018) refers to libinit2.o(.ARM.Collect$$libinit$$0000000F) for .ARM.Collect$$libinit$$0000000F
    libinit2.o(.ARM.Collect$$libinit$$00000026) refers to argv_veneer.o(.emb_text) for __ARM_argv_veneer
    libinit2.o(.ARM.Collect$$libinit$$00000027) refers to argv_veneer.o(.emb_text) for __ARM_argv_veneer
    rtexit2.o(.ARM.Collect$$rtexit$$00000003) refers to libshutdown.o(.ARM.Collect$$libshutdown$$00000000) for __rt_lib_shutdown
    rtexit2.o(.ARM.Collect$$rtexit$$00000004) refers to sys_exit.o(.text) for _sys_exit
    rtexit2.o(.ARM.exidx) refers to rtexit2.o(.ARM.Collect$$rtexit$$00000001) for .ARM.Collect$$rtexit$$00000001
    rtexit2.o(.ARM.exidx) refers to rtexit2.o(.ARM.Collect$$rtexit$$00000003) for .ARM.Collect$$rtexit$$00000003
    rtexit2.o(.ARM.exidx) refers to rtexit2.o(.ARM.Collect$$rtexit$$00000004) for .ARM.Collect$$rtexit$$00000004
    argv_veneer.o(.emb_text) refers to no_argv.o(.text) for __ARM_get_argv
    sys_exit.o(.text) refers (Special) to use_no_semi.o(.text) for __I$use$semihosting
    sys_exit.o(.text) refers (Special) to indicate_semi.o(.text) for __semihosting_library_function
    sys_exit_hlt.o(.text) refers (Special) to use_no_semi.o(.text) for __I$use$semihosting
    sys_exit_hlt.o(.text) refers (Special) to indicate_semi.o(.text) for __semihosting_library_function
    _get_argv_nomalloc.o(.text) refers (Special) to hrguard.o(.text) for __heap_region$guard
    _get_argv_nomalloc.o(.text) refers to defsig_rtmem_outer.o(.text) for __rt_SIGRTMEM
    _get_argv_nomalloc.o(.text) refers to sys_command.o(.text) for _sys_command_string
    libshutdown.o(.ARM.Collect$$libshutdown$$00000000) refers (Special) to libshutdown2.o(.ARM.Collect$$libshutdown$$00000002) for __rt_lib_shutdown_cpp_1
    libshutdown.o(.ARM.Collect$$libshutdown$$00000000) refers (Special) to libshutdown2.o(.ARM.Collect$$libshutdown$$00000007) for __rt_lib_shutdown_fp_trap_1
    libshutdown.o(.ARM.Collect$$libshutdown$$00000000) refers (Special) to libshutdown2.o(.ARM.Collect$$libshutdown$$0000000F) for __rt_lib_shutdown_heap_1
    libshutdown.o(.ARM.Collect$$libshutdown$$00000000) refers (Special) to libshutdown2.o(.ARM.Collect$$libshutdown$$00000010) for __rt_lib_shutdown_return
    libshutdown.o(.ARM.Collect$$libshutdown$$00000000) refers (Special) to libshutdown2.o(.ARM.Collect$$libshutdown$$0000000A) for __rt_lib_shutdown_signal_1
    libshutdown.o(.ARM.Collect$$libshutdown$$00000000) refers (Special) to libshutdown2.o(.ARM.Collect$$libshutdown$$00000004) for __rt_lib_shutdown_stdio_1
    libshutdown.o(.ARM.Collect$$libshutdown$$00000000) refers (Special) to libshutdown2.o(.ARM.Collect$$libshutdown$$0000000C) for __rt_lib_shutdown_user_alloc_1
    sys_command.o(.text) refers (Special) to use_no_semi.o(.text) for __I$use$semihosting
    sys_command.o(.text) refers (Special) to indicate_semi.o(.text) for __semihosting_library_function
    sys_command_hlt.o(.text) refers (Special) to use_no_semi.o(.text) for __I$use$semihosting
    sys_command_hlt.o(.text) refers (Special) to indicate_semi.o(.text) for __semihosting_library_function
    defsig_rtmem_outer.o(.text) refers to defsig_rtmem_inner.o(.text) for __rt_SIGRTMEM_inner
    defsig_rtmem_outer.o(.text) refers to defsig_exit.o(.text) for __sig_exit
    defsig_rtmem_formal.o(.text) refers to rt_raise.o(.text) for __rt_raise
    rt_raise.o(.text) refers to __raise.o(.text) for __raise
    rt_raise.o(.text) refers to sys_exit.o(.text) for _sys_exit
    defsig_exit.o(.text) refers to sys_exit.o(.text) for _sys_exit
    defsig_rtmem_inner.o(.text) refers to defsig_general.o(.text) for __default_signal_display
    __raise.o(.text) refers to defsig.o(CL$$defsig) for __default_signal_handler
    defsig_general.o(.text) refers to sys_wrch.o(.text) for _ttywrch
    sys_wrch.o(.text) refers (Special) to use_no_semi.o(.text) for __I$use$semihosting
    sys_wrch.o(.text) refers (Special) to indicate_semi.o(.text) for __semihosting_library_function
    sys_wrch_hlt.o(.text) refers (Special) to use_no_semi.o(.text) for __I$use$semihosting
    sys_wrch_hlt.o(.text) refers (Special) to indicate_semi.o(.text) for __semihosting_library_function
    defsig.o(CL$$defsig) refers to defsig_rtmem_inner.o(.text) for __rt_SIGRTMEM_inner
    defsig_abrt_inner.o(.text) refers to defsig_general.o(.text) for __default_signal_display
    defsig_fpe_inner.o(.text) refers to defsig_general.o(.text) for __default_signal_display
    defsig_rtred_inner.o(.text) refers to defsig_general.o(.text) for __default_signal_display
    defsig_stak_inner.o(.text) refers to defsig_general.o(.text) for __default_signal_display
    defsig_pvfn_inner.o(.text) refers to defsig_general.o(.text) for __default_signal_display
    defsig_cppl_inner.o(.text) refers to defsig_general.o(.text) for __default_signal_display
    defsig_segv_inner.o(.text) refers to defsig_general.o(.text) for __default_signal_display
    defsig_other.o(.text) refers to defsig_general.o(.text) for __default_signal_display
    lto-llvm-c8b2bf.o(.ARM.exidx.text.GPIO_Init) refers to lto-llvm-c8b2bf.o(.text.GPIO_Init) for [Anonymous Symbol]
    lto-llvm-c8b2bf.o(.ARM.exidx.text.GPIO_SetBits) refers to lto-llvm-c8b2bf.o(.text.GPIO_SetBits) for [Anonymous Symbol]
    lto-llvm-c8b2bf.o(.ARM.exidx.text.GPIO_ResetBits) refers to lto-llvm-c8b2bf.o(.text.GPIO_ResetBits) for [Anonymous Symbol]
    lto-llvm-c8b2bf.o(.ARM.exidx.text.RCC_APB2PeriphClockCmd) refers to lto-llvm-c8b2bf.o(.text.RCC_APB2PeriphClockCmd) for [Anonymous Symbol]
    lto-llvm-c8b2bf.o(.text.get_systick) refers to lto-llvm-c8b2bf.o(.bss.systick) for systick
    lto-llvm-c8b2bf.o(.ARM.exidx.text.get_systick) refers to lto-llvm-c8b2bf.o(.text.get_systick) for [Anonymous Symbol]
    lto-llvm-c8b2bf.o(.text.get_systime) refers to lto-llvm-c8b2bf.o(.text.get_systick) for get_systick
    lto-llvm-c8b2bf.o(.ARM.exidx.text.get_systime) refers to lto-llvm-c8b2bf.o(.text.get_systime) for [Anonymous Symbol]
    lto-llvm-c8b2bf.o(.text.update_systime) refers to lto-llvm-c8b2bf.o(.bss.systick) for systick
    lto-llvm-c8b2bf.o(.ARM.exidx.text.update_systime) refers to lto-llvm-c8b2bf.o(.text.update_systime) for [Anonymous Symbol]
    lto-llvm-c8b2bf.o(.ARM.exidx.text._error_handle) refers to lto-llvm-c8b2bf.o(.text._error_handle) for [Anonymous Symbol]
    lto-llvm-c8b2bf.o(.text._get_pos_to_add) refers to lto-llvm-c8b2bf.o(.bss.task_list_state) for task_list_state
    lto-llvm-c8b2bf.o(.text._get_pos_to_add) refers to lto-llvm-c8b2bf.o(.text._error_handle) for _error_handle
    lto-llvm-c8b2bf.o(.ARM.exidx.text._get_pos_to_add) refers to lto-llvm-c8b2bf.o(.text._get_pos_to_add) for [Anonymous Symbol]
    lto-llvm-c8b2bf.o(.text._delete) refers to lto-llvm-c8b2bf.o(.bss.task_list_state) for task_list_state
    lto-llvm-c8b2bf.o(.ARM.exidx.text._delete) refers to lto-llvm-c8b2bf.o(.text._delete) for [Anonymous Symbol]
    lto-llvm-c8b2bf.o(.text._add) refers to lto-llvm-c8b2bf.o(.bss.task_list_state) for task_list_state
    lto-llvm-c8b2bf.o(.ARM.exidx.text._add) refers to lto-llvm-c8b2bf.o(.text._add) for [Anonymous Symbol]
    lto-llvm-c8b2bf.o(.text.TM_init) refers to lto-llvm-c8b2bf.o(.text.SysTick_Config) for SysTick_Config
    lto-llvm-c8b2bf.o(.ARM.exidx.text.TM_init) refers to lto-llvm-c8b2bf.o(.text.TM_init) for [Anonymous Symbol]
    lto-llvm-c8b2bf.o(.text.SysTick_Config) refers to lto-llvm-c8b2bf.o(.text.__NVIC_SetPriority) for __NVIC_SetPriority
    lto-llvm-c8b2bf.o(.ARM.exidx.text.SysTick_Config) refers to lto-llvm-c8b2bf.o(.text.SysTick_Config) for [Anonymous Symbol]
    lto-llvm-c8b2bf.o(.ARM.exidx.text.__NVIC_SetPriority) refers to lto-llvm-c8b2bf.o(.text.__NVIC_SetPriority) for [Anonymous Symbol]
    lto-llvm-c8b2bf.o(.text.TM_add_task) refers to lto-llvm-c8b2bf.o(.text._get_pos_to_add) for _get_pos_to_add
    lto-llvm-c8b2bf.o(.text.TM_add_task) refers to lto-llvm-c8b2bf.o(.bss.task_list) for task_list
    lto-llvm-c8b2bf.o(.text.TM_add_task) refers to lto-llvm-c8b2bf.o(.text._add) for _add
    lto-llvm-c8b2bf.o(.ARM.exidx.text.TM_add_task) refers to lto-llvm-c8b2bf.o(.text.TM_add_task) for [Anonymous Symbol]
    lto-llvm-c8b2bf.o(.text.TM_kill_by_PID) refers to lto-llvm-c8b2bf.o(.bss.task_list) for task_list
    lto-llvm-c8b2bf.o(.text.TM_kill_by_PID) refers to lto-llvm-c8b2bf.o(.text._delete) for _delete
    lto-llvm-c8b2bf.o(.ARM.exidx.text.TM_kill_by_PID) refers to lto-llvm-c8b2bf.o(.text.TM_kill_by_PID) for [Anonymous Symbol]
    lto-llvm-c8b2bf.o(.text.TM_is_task_exixt) refers to lto-llvm-c8b2bf.o(.bss.task_list_state) for task_list_state
    lto-llvm-c8b2bf.o(.ARM.exidx.text.TM_is_task_exixt) refers to lto-llvm-c8b2bf.o(.text.TM_is_task_exixt) for [Anonymous Symbol]
    lto-llvm-c8b2bf.o(.text.TM_run) refers to lto-llvm-c8b2bf.o(.text.get_systick) for get_systick
    lto-llvm-c8b2bf.o(.text.TM_run) refers to lto-llvm-c8b2bf.o(.bss.TM_run.systime_old) for TM_run.systime_old
    lto-llvm-c8b2bf.o(.text.TM_run) refers to lto-llvm-c8b2bf.o(.bss.task_list_state) for task_list_state
    lto-llvm-c8b2bf.o(.text.TM_run) refers to lto-llvm-c8b2bf.o(.bss.task_list) for task_list
    lto-llvm-c8b2bf.o(.text.TM_run) refers to lto-llvm-c8b2bf.o(.text.TM_kill_by_PID) for TM_kill_by_PID
    lto-llvm-c8b2bf.o(.ARM.exidx.text.TM_run) refers to lto-llvm-c8b2bf.o(.text.TM_run) for [Anonymous Symbol]
    lto-llvm-c8b2bf.o(.text.led_init) refers to lto-llvm-c8b2bf.o(.text.RCC_APB2PeriphClockCmd) for RCC_APB2PeriphClockCmd
    lto-llvm-c8b2bf.o(.text.led_init) refers to lto-llvm-c8b2bf.o(.text.GPIO_Init) for GPIO_Init
    lto-llvm-c8b2bf.o(.text.led_init) refers to lto-llvm-c8b2bf.o(.text.GPIO_ResetBits) for GPIO_ResetBits
    lto-llvm-c8b2bf.o(.ARM.exidx.text.led_init) refers to lto-llvm-c8b2bf.o(.text.led_init) for [Anonymous Symbol]
    lto-llvm-c8b2bf.o(.text.next_Led) refers to lto-llvm-c8b2bf.o(.text.GPIO_SetBits) for GPIO_SetBits
    lto-llvm-c8b2bf.o(.text.next_Led) refers to lto-llvm-c8b2bf.o(.text.GPIO_ResetBits) for GPIO_ResetBits
    lto-llvm-c8b2bf.o(.ARM.exidx.text.next_Led) refers to lto-llvm-c8b2bf.o(.text.next_Led) for [Anonymous Symbol]
    lto-llvm-c8b2bf.o(.text.led_cycle) refers to lto-llvm-c8b2bf.o(.data.led_cycle.led_state) for led_cycle.led_state
    lto-llvm-c8b2bf.o(.text.led_cycle) refers to lto-llvm-c8b2bf.o(.text.next_Led) for next_Led
    lto-llvm-c8b2bf.o(.ARM.exidx.text.led_cycle) refers to lto-llvm-c8b2bf.o(.text.led_cycle) for [Anonymous Symbol]
    lto-llvm-c8b2bf.o(.text.beep_init) refers to lto-llvm-c8b2bf.o(.text.RCC_APB2PeriphClockCmd) for RCC_APB2PeriphClockCmd
    lto-llvm-c8b2bf.o(.text.beep_init) refers to lto-llvm-c8b2bf.o(.text.GPIO_Init) for GPIO_Init
    lto-llvm-c8b2bf.o(.text.beep_init) refers to lto-llvm-c8b2bf.o(.text.GPIO_SetBits) for GPIO_SetBits
    lto-llvm-c8b2bf.o(.ARM.exidx.text.beep_init) refers to lto-llvm-c8b2bf.o(.text.beep_init) for [Anonymous Symbol]
    lto-llvm-c8b2bf.o(.text.beep_cycle) refers to lto-llvm-c8b2bf.o(.bss.beep_cycle.beep_state) for beep_cycle.beep_state
    lto-llvm-c8b2bf.o(.text.beep_cycle) refers to lto-llvm-c8b2bf.o(.text.GPIO_ResetBits) for GPIO_ResetBits
    lto-llvm-c8b2bf.o(.text.beep_cycle) refers to lto-llvm-c8b2bf.o(.text.GPIO_SetBits) for GPIO_SetBits
    lto-llvm-c8b2bf.o(.ARM.exidx.text.beep_cycle) refers to lto-llvm-c8b2bf.o(.text.beep_cycle) for [Anonymous Symbol]
    lto-llvm-c8b2bf.o(.text.main) refers to lto-llvm-c8b2bf.o(.text.TM_init) for TM_init
    lto-llvm-c8b2bf.o(.text.main) refers to lto-llvm-c8b2bf.o(.text.beep_init) for beep_init
    lto-llvm-c8b2bf.o(.text.main) refers to lto-llvm-c8b2bf.o(.text.led_init) for led_init
    lto-llvm-c8b2bf.o(.text.main) refers to lto-llvm-c8b2bf.o(.text.beep_cycle) for beep_cycle
    lto-llvm-c8b2bf.o(.text.main) refers to lto-llvm-c8b2bf.o(.text.get_systime) for get_systime
    lto-llvm-c8b2bf.o(.text.main) refers to lto-llvm-c8b2bf.o(.text.TM_add_task) for TM_add_task
    lto-llvm-c8b2bf.o(.text.main) refers to lto-llvm-c8b2bf.o(.text.led_cycle) for led_cycle
    lto-llvm-c8b2bf.o(.text.main) refers to lto-llvm-c8b2bf.o(.text.TM_run) for TM_run
    lto-llvm-c8b2bf.o(.text.main) refers to lto-llvm-c8b2bf.o(.text.TM_is_task_exixt) for TM_is_task_exixt
    lto-llvm-c8b2bf.o(.ARM.exidx.text.main) refers to lto-llvm-c8b2bf.o(.text.main) for [Anonymous Symbol]
    lto-llvm-c8b2bf.o(.ARM.exidx.text.NMI_Handler) refers to lto-llvm-c8b2bf.o(.text.NMI_Handler) for [Anonymous Symbol]
    lto-llvm-c8b2bf.o(.ARM.exidx.text.HardFault_Handler) refers to lto-llvm-c8b2bf.o(.text.HardFault_Handler) for [Anonymous Symbol]
    lto-llvm-c8b2bf.o(.ARM.exidx.text.MemManage_Handler) refers to lto-llvm-c8b2bf.o(.text.MemManage_Handler) for [Anonymous Symbol]
    lto-llvm-c8b2bf.o(.ARM.exidx.text.BusFault_Handler) refers to lto-llvm-c8b2bf.o(.text.BusFault_Handler) for [Anonymous Symbol]
    lto-llvm-c8b2bf.o(.ARM.exidx.text.UsageFault_Handler) refers to lto-llvm-c8b2bf.o(.text.UsageFault_Handler) for [Anonymous Symbol]
    lto-llvm-c8b2bf.o(.ARM.exidx.text.SVC_Handler) refers to lto-llvm-c8b2bf.o(.text.SVC_Handler) for [Anonymous Symbol]
    lto-llvm-c8b2bf.o(.ARM.exidx.text.DebugMon_Handler) refers to lto-llvm-c8b2bf.o(.text.DebugMon_Handler) for [Anonymous Symbol]
    lto-llvm-c8b2bf.o(.ARM.exidx.text.PendSV_Handler) refers to lto-llvm-c8b2bf.o(.text.PendSV_Handler) for [Anonymous Symbol]
    lto-llvm-c8b2bf.o(.text.SysTick_Handler) refers to lto-llvm-c8b2bf.o(.text.update_systime) for update_systime
    lto-llvm-c8b2bf.o(.ARM.exidx.text.SysTick_Handler) refers to lto-llvm-c8b2bf.o(.text.SysTick_Handler) for [Anonymous Symbol]
    lto-llvm-c8b2bf.o(.text.SystemInit) refers to lto-llvm-c8b2bf.o(.text.SetSysClock) for SetSysClock
    lto-llvm-c8b2bf.o(.ARM.exidx.text.SystemInit) refers to lto-llvm-c8b2bf.o(.text.SystemInit) for [Anonymous Symbol]
    lto-llvm-c8b2bf.o(.text.SetSysClock) refers to lto-llvm-c8b2bf.o(.text.SetSysClockTo72) for SetSysClockTo72
    lto-llvm-c8b2bf.o(.ARM.exidx.text.SetSysClock) refers to lto-llvm-c8b2bf.o(.text.SetSysClock) for [Anonymous Symbol]
    lto-llvm-c8b2bf.o(.ARM.exidx.text.SetSysClockTo72) refers to lto-llvm-c8b2bf.o(.text.SetSysClockTo72) for [Anonymous Symbol]


==============================================================================

Removing Unused input sections from the image.

    Removing lto-llvm-c8b2bf.o(.text), (0 bytes).
    Removing lto-llvm-c8b2bf.o(.ARM.exidx.text.GPIO_Init), (8 bytes).
    Removing lto-llvm-c8b2bf.o(.ARM.exidx.text.GPIO_SetBits), (8 bytes).
    Removing lto-llvm-c8b2bf.o(.ARM.exidx.text.GPIO_ResetBits), (8 bytes).
    Removing lto-llvm-c8b2bf.o(.ARM.exidx.text.RCC_APB2PeriphClockCmd), (8 bytes).
    Removing lto-llvm-c8b2bf.o(.ARM.exidx.text.get_systick), (8 bytes).
    Removing lto-llvm-c8b2bf.o(.ARM.exidx.text.get_systime), (8 bytes).
    Removing lto-llvm-c8b2bf.o(.ARM.exidx.text.update_systime), (8 bytes).
    Removing lto-llvm-c8b2bf.o(.ARM.exidx.text._error_handle), (8 bytes).
    Removing lto-llvm-c8b2bf.o(.ARM.exidx.text._get_pos_to_add), (8 bytes).
    Removing lto-llvm-c8b2bf.o(.ARM.exidx.text._delete), (8 bytes).
    Removing lto-llvm-c8b2bf.o(.ARM.exidx.text._add), (8 bytes).
    Removing lto-llvm-c8b2bf.o(.ARM.exidx.text.TM_init), (8 bytes).
    Removing lto-llvm-c8b2bf.o(.ARM.exidx.text.SysTick_Config), (8 bytes).
    Removing lto-llvm-c8b2bf.o(.ARM.exidx.text.__NVIC_SetPriority), (8 bytes).
    Removing lto-llvm-c8b2bf.o(.ARM.exidx.text.TM_add_task), (8 bytes).
    Removing lto-llvm-c8b2bf.o(.ARM.exidx.text.TM_kill_by_PID), (8 bytes).
    Removing lto-llvm-c8b2bf.o(.ARM.exidx.text.TM_is_task_exixt), (8 bytes).
    Removing lto-llvm-c8b2bf.o(.ARM.exidx.text.TM_run), (8 bytes).
    Removing lto-llvm-c8b2bf.o(.ARM.exidx.text.led_init), (8 bytes).
    Removing lto-llvm-c8b2bf.o(.ARM.exidx.text.next_Led), (8 bytes).
    Removing lto-llvm-c8b2bf.o(.ARM.exidx.text.led_cycle), (8 bytes).
    Removing lto-llvm-c8b2bf.o(.ARM.exidx.text.beep_init), (8 bytes).
    Removing lto-llvm-c8b2bf.o(.ARM.exidx.text.beep_cycle), (8 bytes).
    Removing lto-llvm-c8b2bf.o(.ARM.exidx.text.main), (8 bytes).
    Removing lto-llvm-c8b2bf.o(.ARM.exidx.text.NMI_Handler), (8 bytes).
    Removing lto-llvm-c8b2bf.o(.ARM.exidx.text.HardFault_Handler), (8 bytes).
    Removing lto-llvm-c8b2bf.o(.ARM.exidx.text.MemManage_Handler), (8 bytes).
    Removing lto-llvm-c8b2bf.o(.ARM.exidx.text.BusFault_Handler), (8 bytes).
    Removing lto-llvm-c8b2bf.o(.ARM.exidx.text.UsageFault_Handler), (8 bytes).
    Removing lto-llvm-c8b2bf.o(.ARM.exidx.text.SVC_Handler), (8 bytes).
    Removing lto-llvm-c8b2bf.o(.ARM.exidx.text.DebugMon_Handler), (8 bytes).
    Removing lto-llvm-c8b2bf.o(.ARM.exidx.text.PendSV_Handler), (8 bytes).
    Removing lto-llvm-c8b2bf.o(.ARM.exidx.text.SysTick_Handler), (8 bytes).
    Removing lto-llvm-c8b2bf.o(.ARM.exidx.text.SystemInit), (8 bytes).
    Removing lto-llvm-c8b2bf.o(.ARM.exidx.text.SetSysClock), (8 bytes).
    Removing lto-llvm-c8b2bf.o(.ARM.exidx.text.SetSysClockTo72), (8 bytes).
    Removing lto-llvm-c8b2bf.o(.ARM.use_no_argv), (4 bytes).

38 unused section(s) (total 292 bytes) removed from the image.

==============================================================================

Image Symbol Table

    Local Symbols

    Symbol Name                              Value     Ov Type        Size  Object(Section)

    ../clib/angel/boardlib.s                 0x00000000   Number         0  boardinit1.o ABSOLUTE
    ../clib/angel/boardlib.s                 0x00000000   Number         0  boardinit2.o ABSOLUTE
    ../clib/angel/boardlib.s                 0x00000000   Number         0  boardinit3.o ABSOLUTE
    ../clib/angel/boardlib.s                 0x00000000   Number         0  boardshut.o ABSOLUTE
    ../clib/angel/handlers.s                 0x00000000   Number         0  __scatter_copy.o ABSOLUTE
    ../clib/angel/handlers.s                 0x00000000   Number         0  __scatter_zi.o ABSOLUTE
    ../clib/angel/kernel.s                   0x00000000   Number         0  __rtentry.o ABSOLUTE
    ../clib/angel/kernel.s                   0x00000000   Number         0  __rtentry2.o ABSOLUTE
    ../clib/angel/kernel.s                   0x00000000   Number         0  __rtentry4.o ABSOLUTE
    ../clib/angel/kernel.s                   0x00000000   Number         0  rtexit.o ABSOLUTE
    ../clib/angel/kernel.s                   0x00000000   Number         0  rtexit2.o ABSOLUTE
    ../clib/angel/rt.s                       0x00000000   Number         0  rt_raise.o ABSOLUTE
    ../clib/angel/scatter.s                  0x00000000   Number         0  __scatter.o ABSOLUTE
    ../clib/angel/startup.s                  0x00000000   Number         0  __main.o ABSOLUTE
    ../clib/angel/sys.s                      0x00000000   Number         0  sys_stackheap_outer.o ABSOLUTE
    ../clib/angel/sys.s                      0x00000000   Number         0  libspace.o ABSOLUTE
    ../clib/angel/sys.s                      0x00000000   Number         0  use_no_semi.o ABSOLUTE
    ../clib/angel/sys.s                      0x00000000   Number         0  indicate_semi.o ABSOLUTE
    ../clib/angel/sysapp.c                   0x00000000   Number         0  sys_exit.o ABSOLUTE
    ../clib/angel/sysapp.c                   0x00000000   Number         0  sys_exit_hlt.o ABSOLUTE
    ../clib/angel/sysapp.c                   0x00000000   Number         0  sys_command.o ABSOLUTE
    ../clib/angel/sysapp.c                   0x00000000   Number         0  sys_command_hlt.o ABSOLUTE
    ../clib/angel/sysapp.c                   0x00000000   Number         0  sys_wrch.o ABSOLUTE
    ../clib/angel/sysapp.c                   0x00000000   Number         0  sys_wrch_hlt.o ABSOLUTE
    ../clib/armsys.c                         0x00000000   Number         0  argv_veneer.o ABSOLUTE
    ../clib/armsys.c                         0x00000000   Number         0  argv_veneer.o ABSOLUTE
    ../clib/armsys.c                         0x00000000   Number         0  _get_argv_nomalloc.o ABSOLUTE
    ../clib/armsys.c                         0x00000000   Number         0  no_argv.o ABSOLUTE
    ../clib/heapalloc.c                      0x00000000   Number         0  hrguard.o ABSOLUTE
    ../clib/heapaux.c                        0x00000000   Number         0  heapauxi.o ABSOLUTE
    ../clib/libinit.s                        0x00000000   Number         0  libinit.o ABSOLUTE
    ../clib/libinit.s                        0x00000000   Number         0  libinit2.o ABSOLUTE
    ../clib/libinit.s                        0x00000000   Number         0  libshutdown.o ABSOLUTE
    ../clib/libinit.s                        0x00000000   Number         0  libshutdown2.o ABSOLUTE
    ../clib/signal.c                         0x00000000   Number         0  defsig_rtmem_outer.o ABSOLUTE
    ../clib/signal.c                         0x00000000   Number         0  defsig_rtmem_formal.o ABSOLUTE
    ../clib/signal.c                         0x00000000   Number         0  defsig_exit.o ABSOLUTE
    ../clib/signal.c                         0x00000000   Number         0  defsig_rtmem_inner.o ABSOLUTE
    ../clib/signal.c                         0x00000000   Number         0  __raise.o ABSOLUTE
    ../clib/signal.c                         0x00000000   Number         0  defsig_general.o ABSOLUTE
    ../clib/signal.c                         0x00000000   Number         0  defsig_abrt_inner.o ABSOLUTE
    ../clib/signal.c                         0x00000000   Number         0  defsig_fpe_inner.o ABSOLUTE
    ../clib/signal.c                         0x00000000   Number         0  defsig_rtred_inner.o ABSOLUTE
    ../clib/signal.c                         0x00000000   Number         0  defsig_stak_inner.o ABSOLUTE
    ../clib/signal.c                         0x00000000   Number         0  defsig_pvfn_inner.o ABSOLUTE
    ../clib/signal.c                         0x00000000   Number         0  defsig_cppl_inner.o ABSOLUTE
    ../clib/signal.c                         0x00000000   Number         0  defsig_segv_inner.o ABSOLUTE
    ../clib/signal.c                         0x00000000   Number         0  defsig_other.o ABSOLUTE
    ../clib/signal.s                         0x00000000   Number         0  defsig.o ABSOLUTE
    ../clib/stdlib.c                         0x00000000   Number         0  exit.o ABSOLUTE
    ../fplib/fpinit.s                        0x00000000   Number         0  fpinit.o ABSOLUTE
    ../fplib/fpinit_empty.s                  0x00000000   Number         0  fpinit_empty.o ABSOLUTE
    ./Libraries/CMSIS/CM3/DeviceSupport/ST/STM32F10x/startup/arm/startup_stm32f10x_cl.s 0x00000000   Number         0  startup_stm32f10x_cl.o ABSOLUTE
    dc.s                                     0x00000000   Number         0  dc.o ABSOLUTE
    ld-temp.o                                0x00000000   Number         0  lto-llvm-c8b2bf.o ABSOLUTE
    RESET                                    0x08000000   Section      336  startup_stm32f10x_cl.o(RESET)
    !!!main                                  0x08000150   Section        8  __main.o(!!!main)
    !!!scatter                               0x08000158   Section       52  __scatter.o(!!!scatter)
    !!handler_copy                           0x0800018c   Section       26  __scatter_copy.o(!!handler_copy)
    !!handler_zi                             0x080001a8   Section       28  __scatter_zi.o(!!handler_zi)
    .ARM.Collect$$libinit$$00000000          0x080001c4   Section        2  libinit.o(.ARM.Collect$$libinit$$00000000)
    .ARM.Collect$$libinit$$00000002          0x080001c6   Section        0  libinit2.o(.ARM.Collect$$libinit$$00000002)
    .ARM.Collect$$libinit$$00000004          0x080001c6   Section        0  libinit2.o(.ARM.Collect$$libinit$$00000004)
    .ARM.Collect$$libinit$$0000000A          0x080001c6   Section        0  libinit2.o(.ARM.Collect$$libinit$$0000000A)
    .ARM.Collect$$libinit$$0000000C          0x080001c6   Section        0  libinit2.o(.ARM.Collect$$libinit$$0000000C)
    .ARM.Collect$$libinit$$0000000E          0x080001c6   Section        0  libinit2.o(.ARM.Collect$$libinit$$0000000E)
    .ARM.Collect$$libinit$$00000011          0x080001c6   Section        0  libinit2.o(.ARM.Collect$$libinit$$00000011)
    .ARM.Collect$$libinit$$00000013          0x080001c6   Section        0  libinit2.o(.ARM.Collect$$libinit$$00000013)
    .ARM.Collect$$libinit$$00000015          0x080001c6   Section        0  libinit2.o(.ARM.Collect$$libinit$$00000015)
    .ARM.Collect$$libinit$$00000017          0x080001c6   Section        0  libinit2.o(.ARM.Collect$$libinit$$00000017)
    .ARM.Collect$$libinit$$00000019          0x080001c6   Section        0  libinit2.o(.ARM.Collect$$libinit$$00000019)
    .ARM.Collect$$libinit$$0000001B          0x080001c6   Section        0  libinit2.o(.ARM.Collect$$libinit$$0000001B)
    .ARM.Collect$$libinit$$0000001D          0x080001c6   Section        0  libinit2.o(.ARM.Collect$$libinit$$0000001D)
    .ARM.Collect$$libinit$$0000001F          0x080001c6   Section        0  libinit2.o(.ARM.Collect$$libinit$$0000001F)
    .ARM.Collect$$libinit$$00000021          0x080001c6   Section        0  libinit2.o(.ARM.Collect$$libinit$$00000021)
    .ARM.Collect$$libinit$$00000023          0x080001c6   Section        0  libinit2.o(.ARM.Collect$$libinit$$00000023)
    .ARM.Collect$$libinit$$00000025          0x080001c6   Section        0  libinit2.o(.ARM.Collect$$libinit$$00000025)
    .ARM.Collect$$libinit$$0000002C          0x080001c6   Section        0  libinit2.o(.ARM.Collect$$libinit$$0000002C)
    .ARM.Collect$$libinit$$0000002E          0x080001c6   Section        0  libinit2.o(.ARM.Collect$$libinit$$0000002E)
    .ARM.Collect$$libinit$$00000030          0x080001c6   Section        0  libinit2.o(.ARM.Collect$$libinit$$00000030)
    .ARM.Collect$$libinit$$00000032          0x080001c6   Section        0  libinit2.o(.ARM.Collect$$libinit$$00000032)
    .ARM.Collect$$libinit$$00000033          0x080001c6   Section        2  libinit2.o(.ARM.Collect$$libinit$$00000033)
    .ARM.Collect$$libshutdown$$00000000      0x080001c8   Section        2  libshutdown.o(.ARM.Collect$$libshutdown$$00000000)
    .ARM.Collect$$libshutdown$$00000002      0x080001ca   Section        0  libshutdown2.o(.ARM.Collect$$libshutdown$$00000002)
    .ARM.Collect$$libshutdown$$00000004      0x080001ca   Section        0  libshutdown2.o(.ARM.Collect$$libshutdown$$00000004)
    .ARM.Collect$$libshutdown$$00000007      0x080001ca   Section        0  libshutdown2.o(.ARM.Collect$$libshutdown$$00000007)
    .ARM.Collect$$libshutdown$$0000000A      0x080001ca   Section        0  libshutdown2.o(.ARM.Collect$$libshutdown$$0000000A)
    .ARM.Collect$$libshutdown$$0000000C      0x080001ca   Section        0  libshutdown2.o(.ARM.Collect$$libshutdown$$0000000C)
    .ARM.Collect$$libshutdown$$0000000F      0x080001ca   Section        0  libshutdown2.o(.ARM.Collect$$libshutdown$$0000000F)
    .ARM.Collect$$libshutdown$$00000010      0x080001ca   Section        2  libshutdown2.o(.ARM.Collect$$libshutdown$$00000010)
    .ARM.Collect$$rtentry$$00000000          0x080001cc   Section        0  __rtentry.o(.ARM.Collect$$rtentry$$00000000)
    .ARM.Collect$$rtentry$$00000002          0x080001cc   Section        0  __rtentry2.o(.ARM.Collect$$rtentry$$00000002)
    .ARM.Collect$$rtentry$$00000004          0x080001cc   Section        6  __rtentry4.o(.ARM.Collect$$rtentry$$00000004)
    .ARM.Collect$$rtentry$$00000009          0x080001d2   Section        0  __rtentry2.o(.ARM.Collect$$rtentry$$00000009)
    .ARM.Collect$$rtentry$$0000000A          0x080001d2   Section        4  __rtentry2.o(.ARM.Collect$$rtentry$$0000000A)
    .ARM.Collect$$rtentry$$0000000C          0x080001d6   Section        0  __rtentry2.o(.ARM.Collect$$rtentry$$0000000C)
    .ARM.Collect$$rtentry$$0000000D          0x080001d6   Section        8  __rtentry2.o(.ARM.Collect$$rtentry$$0000000D)
    .ARM.Collect$$rtexit$$00000000           0x080001de   Section        2  rtexit.o(.ARM.Collect$$rtexit$$00000000)
    .ARM.Collect$$rtexit$$00000002           0x080001e0   Section        0  rtexit2.o(.ARM.Collect$$rtexit$$00000002)
    .ARM.Collect$$rtexit$$00000003           0x080001e0   Section        4  rtexit2.o(.ARM.Collect$$rtexit$$00000003)
    .ARM.Collect$$rtexit$$00000004           0x080001e4   Section        6  rtexit2.o(.ARM.Collect$$rtexit$$00000004)
    .text                                    0x080001ec   Section       64  startup_stm32f10x_cl.o(.text)
    .text                                    0x0800022c   Section        0  heapauxi.o(.text)
    .text                                    0x08000232   Section       74  sys_stackheap_outer.o(.text)
    .text                                    0x0800027c   Section        0  exit.o(.text)
    .text                                    0x08000290   Section        8  libspace.o(.text)
    .text                                    0x08000298   Section        0  sys_exit.o(.text)
    .text                                    0x080002a4   Section        2  use_no_semi.o(.text)
    .text                                    0x080002a6   Section        0  indicate_semi.o(.text)
    [Anonymous Symbol]                       0x080002a8   Section        0  lto-llvm-c8b2bf.o(.text.BusFault_Handler)
    [Anonymous Symbol]                       0x080002ac   Section        0  lto-llvm-c8b2bf.o(.text.DebugMon_Handler)
    GPIO_Init                                0x080002b1   Thumb Code   400  lto-llvm-c8b2bf.o(.text.GPIO_Init)
    [Anonymous Symbol]                       0x080002b0   Section        0  lto-llvm-c8b2bf.o(.text.GPIO_Init)
    GPIO_ResetBits                           0x08000441   Thumb Code    20  lto-llvm-c8b2bf.o(.text.GPIO_ResetBits)
    [Anonymous Symbol]                       0x08000440   Section        0  lto-llvm-c8b2bf.o(.text.GPIO_ResetBits)
    GPIO_SetBits                             0x08000455   Thumb Code    20  lto-llvm-c8b2bf.o(.text.GPIO_SetBits)
    [Anonymous Symbol]                       0x08000454   Section        0  lto-llvm-c8b2bf.o(.text.GPIO_SetBits)
    [Anonymous Symbol]                       0x08000468   Section        0  lto-llvm-c8b2bf.o(.text.HardFault_Handler)
    [Anonymous Symbol]                       0x0800046c   Section        0  lto-llvm-c8b2bf.o(.text.MemManage_Handler)
    [Anonymous Symbol]                       0x08000470   Section        0  lto-llvm-c8b2bf.o(.text.NMI_Handler)
    [Anonymous Symbol]                       0x08000474   Section        0  lto-llvm-c8b2bf.o(.text.PendSV_Handler)
    RCC_APB2PeriphClockCmd                   0x08000479   Thumb Code    56  lto-llvm-c8b2bf.o(.text.RCC_APB2PeriphClockCmd)
    [Anonymous Symbol]                       0x08000478   Section        0  lto-llvm-c8b2bf.o(.text.RCC_APB2PeriphClockCmd)
    [Anonymous Symbol]                       0x080004b0   Section        0  lto-llvm-c8b2bf.o(.text.SVC_Handler)
    SetSysClock                              0x080004b5   Thumb Code     8  lto-llvm-c8b2bf.o(.text.SetSysClock)
    [Anonymous Symbol]                       0x080004b4   Section        0  lto-llvm-c8b2bf.o(.text.SetSysClock)
    SetSysClockTo72                          0x080004bd   Thumb Code   364  lto-llvm-c8b2bf.o(.text.SetSysClockTo72)
    [Anonymous Symbol]                       0x080004bc   Section        0  lto-llvm-c8b2bf.o(.text.SetSysClockTo72)
    SysTick_Config                           0x08000629   Thumb Code    82  lto-llvm-c8b2bf.o(.text.SysTick_Config)
    [Anonymous Symbol]                       0x08000628   Section        0  lto-llvm-c8b2bf.o(.text.SysTick_Config)
    [Anonymous Symbol]                       0x0800067c   Section        0  lto-llvm-c8b2bf.o(.text.SysTick_Handler)
    [Anonymous Symbol]                       0x08000684   Section        0  lto-llvm-c8b2bf.o(.text.SystemInit)
    TM_add_task                              0x08000701   Thumb Code    62  lto-llvm-c8b2bf.o(.text.TM_add_task)
    [Anonymous Symbol]                       0x08000700   Section        0  lto-llvm-c8b2bf.o(.text.TM_add_task)
    TM_init                                  0x08000741   Thumb Code     8  lto-llvm-c8b2bf.o(.text.TM_init)
    [Anonymous Symbol]                       0x08000740   Section        0  lto-llvm-c8b2bf.o(.text.TM_init)
    TM_is_task_exixt                         0x08000749   Thumb Code    46  lto-llvm-c8b2bf.o(.text.TM_is_task_exixt)
    [Anonymous Symbol]                       0x08000748   Section        0  lto-llvm-c8b2bf.o(.text.TM_is_task_exixt)
    TM_kill_by_PID                           0x08000779   Thumb Code    32  lto-llvm-c8b2bf.o(.text.TM_kill_by_PID)
    [Anonymous Symbol]                       0x08000778   Section        0  lto-llvm-c8b2bf.o(.text.TM_kill_by_PID)
    TM_run                                   0x08000799   Thumb Code   230  lto-llvm-c8b2bf.o(.text.TM_run)
    [Anonymous Symbol]                       0x08000798   Section        0  lto-llvm-c8b2bf.o(.text.TM_run)
    [Anonymous Symbol]                       0x08000880   Section        0  lto-llvm-c8b2bf.o(.text.UsageFault_Handler)
    __NVIC_SetPriority                       0x08000885   Thumb Code    64  lto-llvm-c8b2bf.o(.text.__NVIC_SetPriority)
    [Anonymous Symbol]                       0x08000884   Section        0  lto-llvm-c8b2bf.o(.text.__NVIC_SetPriority)
    _add                                     0x080008c5   Thumb Code    22  lto-llvm-c8b2bf.o(.text._add)
    [Anonymous Symbol]                       0x080008c4   Section        0  lto-llvm-c8b2bf.o(.text._add)
    _delete                                  0x080008dd   Thumb Code    22  lto-llvm-c8b2bf.o(.text._delete)
    [Anonymous Symbol]                       0x080008dc   Section        0  lto-llvm-c8b2bf.o(.text._delete)
    _error_handle                            0x080008f5   Thumb Code     4  lto-llvm-c8b2bf.o(.text._error_handle)
    [Anonymous Symbol]                       0x080008f4   Section        0  lto-llvm-c8b2bf.o(.text._error_handle)
    _get_pos_to_add                          0x080008f9   Thumb Code    72  lto-llvm-c8b2bf.o(.text._get_pos_to_add)
    [Anonymous Symbol]                       0x080008f8   Section        0  lto-llvm-c8b2bf.o(.text._get_pos_to_add)
    beep_cycle                               0x08000941   Thumb Code    74  lto-llvm-c8b2bf.o(.text.beep_cycle)
    [Anonymous Symbol]                       0x08000940   Section        0  lto-llvm-c8b2bf.o(.text.beep_cycle)
    beep_init                                0x0800098d   Thumb Code    52  lto-llvm-c8b2bf.o(.text.beep_init)
    [Anonymous Symbol]                       0x0800098c   Section        0  lto-llvm-c8b2bf.o(.text.beep_init)
    get_systick                              0x080009c1   Thumb Code    12  lto-llvm-c8b2bf.o(.text.get_systick)
    [Anonymous Symbol]                       0x080009c0   Section        0  lto-llvm-c8b2bf.o(.text.get_systick)
    get_systime                              0x080009cd   Thumb Code    10  lto-llvm-c8b2bf.o(.text.get_systime)
    [Anonymous Symbol]                       0x080009cc   Section        0  lto-llvm-c8b2bf.o(.text.get_systime)
    led_cycle                                0x080009d9   Thumb Code    28  lto-llvm-c8b2bf.o(.text.led_cycle)
    [Anonymous Symbol]                       0x080009d8   Section        0  lto-llvm-c8b2bf.o(.text.led_cycle)
    led_init                                 0x080009f5   Thumb Code    52  lto-llvm-c8b2bf.o(.text.led_init)
    [Anonymous Symbol]                       0x080009f4   Section        0  lto-llvm-c8b2bf.o(.text.led_init)
    [Anonymous Symbol]                       0x08000a28   Section        0  lto-llvm-c8b2bf.o(.text.main)
    next_Led                                 0x08000acd   Thumb Code   130  lto-llvm-c8b2bf.o(.text.next_Led)
    [Anonymous Symbol]                       0x08000acc   Section        0  lto-llvm-c8b2bf.o(.text.next_Led)
    update_systime                           0x08000b51   Thumb Code    16  lto-llvm-c8b2bf.o(.text.update_systime)
    [Anonymous Symbol]                       0x08000b50   Section        0  lto-llvm-c8b2bf.o(.text.update_systime)
    led_cycle.led_state                      0x20000000   Data           4  lto-llvm-c8b2bf.o(.data.led_cycle.led_state)
    [Anonymous Symbol]                       0x20000000   Section        0  lto-llvm-c8b2bf.o(.data.led_cycle.led_state)
    .bss                                     0x20000008   Section       96  libspace.o(.bss)
    TM_run.systime_old                       0x20000068   Data           4  lto-llvm-c8b2bf.o(.bss.TM_run.systime_old)
    [Anonymous Symbol]                       0x20000068   Section        0  lto-llvm-c8b2bf.o(.bss.TM_run.systime_old)
    beep_cycle.beep_state                    0x2000006c   Data           1  lto-llvm-c8b2bf.o(.bss.beep_cycle.beep_state)
    [Anonymous Symbol]                       0x2000006c   Section        0  lto-llvm-c8b2bf.o(.bss.beep_cycle.beep_state)
    systick                                  0x20000070   Data           4  lto-llvm-c8b2bf.o(.bss.systick)
    [Anonymous Symbol]                       0x20000070   Section        0  lto-llvm-c8b2bf.o(.bss.systick)
    task_list                                0x20000074   Data          40  lto-llvm-c8b2bf.o(.bss.task_list)
    [Anonymous Symbol]                       0x20000074   Section        0  lto-llvm-c8b2bf.o(.bss.task_list)
    task_list_state                          0x2000009c   Data          10  lto-llvm-c8b2bf.o(.bss.task_list_state)
    [Anonymous Symbol]                       0x2000009c   Section        0  lto-llvm-c8b2bf.o(.bss.task_list_state)
    Heap_Mem                                 0x200000a8   Data         512  startup_stm32f10x_cl.o(HEAP)
    HEAP                                     0x200000a8   Section      512  startup_stm32f10x_cl.o(HEAP)
    Stack_Mem                                0x200002a8   Data        1024  startup_stm32f10x_cl.o(STACK)
    STACK                                    0x200002a8   Section     1024  startup_stm32f10x_cl.o(STACK)
    __initial_sp                             0x200006a8   Data           0  startup_stm32f10x_cl.o(STACK)

    Global Symbols

    Symbol Name                              Value     Ov Type        Size  Object(Section)

    BuildAttributes$$THM_ISAv4$P$D$K$B$S$PE$A:L22UL41UL21$X:L11$S22US41US21$IEEE1$IW$~IW$USESV6$~STKCKD$USESV7$WCHAR32$ENUMINT$~SHL$OSPACE$ROPI$IEEEF$EBA8$UX$STANDARDLIB$REQ8$PRES8$EABIv2 0x00000000   Number         0  anon$$obj.o ABSOLUTE
    __fp_init_empty                          0x00000000   Number         0  fpinit_empty.o ABSOLUTE
    __ARM_exceptions_init                     - Undefined Weak Reference
    __alloca_initialize                       - Undefined Weak Reference
    __arm_preinit_                            - Undefined Weak Reference
    __cpp_initialize__aeabi_                  - Undefined Weak Reference
    __cxa_finalize                            - Undefined Weak Reference
    __rt_locale                               - Undefined Weak Reference
    __sigvec_lookup                           - Undefined Weak Reference
    _atexit_init                              - Undefined Weak Reference
    _call_atexit_fns                          - Undefined Weak Reference
    _clock_init                               - Undefined Weak Reference
    _fp_trap_init                             - Undefined Weak Reference
    _fp_trap_shutdown                         - Undefined Weak Reference
    _get_lc_collate                           - Undefined Weak Reference
    _get_lc_ctype                             - Undefined Weak Reference
    _get_lc_monetary                          - Undefined Weak Reference
    _get_lc_numeric                           - Undefined Weak Reference
    _get_lc_time                              - Undefined Weak Reference
    _getenv_init                              - Undefined Weak Reference
    _handle_redirection                       - Undefined Weak Reference
    _init_alloc                               - Undefined Weak Reference
    _init_user_alloc                          - Undefined Weak Reference
    _initio                                   - Undefined Weak Reference
    _rand_init                                - Undefined Weak Reference
    _signal_finish                            - Undefined Weak Reference
    _signal_init                              - Undefined Weak Reference
    _terminate_alloc                          - Undefined Weak Reference
    _terminate_user_alloc                     - Undefined Weak Reference
    _terminateio                              - Undefined Weak Reference
    __Vectors_Size                           0x00000150   Number         0  startup_stm32f10x_cl.o ABSOLUTE
    __Vectors                                0x08000000   Data           4  startup_stm32f10x_cl.o(RESET)
    __Vectors_End                            0x08000150   Data           0  startup_stm32f10x_cl.o(RESET)
    __main                                   0x08000151   Thumb Code     8  __main.o(!!!main)
    __scatterload                            0x08000159   Thumb Code     0  __scatter.o(!!!scatter)
    __scatterload_rt2                        0x08000159   Thumb Code    44  __scatter.o(!!!scatter)
    __scatterload_rt2_thumb_only             0x08000159   Thumb Code     0  __scatter.o(!!!scatter)
    __scatterload_null                       0x08000167   Thumb Code     0  __scatter.o(!!!scatter)
    __scatterload_copy                       0x0800018d   Thumb Code    26  __scatter_copy.o(!!handler_copy)
    __scatterload_zeroinit                   0x080001a9   Thumb Code    28  __scatter_zi.o(!!handler_zi)
    __rt_lib_init                            0x080001c5   Thumb Code     0  libinit.o(.ARM.Collect$$libinit$$00000000)
    __rt_lib_init_alloca_1                   0x080001c7   Thumb Code     0  libinit2.o(.ARM.Collect$$libinit$$0000002E)
    __rt_lib_init_argv_1                     0x080001c7   Thumb Code     0  libinit2.o(.ARM.Collect$$libinit$$0000002C)
    __rt_lib_init_atexit_1                   0x080001c7   Thumb Code     0  libinit2.o(.ARM.Collect$$libinit$$0000001B)
    __rt_lib_init_clock_1                    0x080001c7   Thumb Code     0  libinit2.o(.ARM.Collect$$libinit$$00000021)
    __rt_lib_init_cpp_1                      0x080001c7   Thumb Code     0  libinit2.o(.ARM.Collect$$libinit$$00000032)
    __rt_lib_init_exceptions_1               0x080001c7   Thumb Code     0  libinit2.o(.ARM.Collect$$libinit$$00000030)
    __rt_lib_init_fp_1                       0x080001c7   Thumb Code     0  libinit2.o(.ARM.Collect$$libinit$$00000002)
    __rt_lib_init_fp_trap_1                  0x080001c7   Thumb Code     0  libinit2.o(.ARM.Collect$$libinit$$0000001F)
    __rt_lib_init_getenv_1                   0x080001c7   Thumb Code     0  libinit2.o(.ARM.Collect$$libinit$$00000023)
    __rt_lib_init_heap_1                     0x080001c7   Thumb Code     0  libinit2.o(.ARM.Collect$$libinit$$0000000A)
    __rt_lib_init_lc_collate_1               0x080001c7   Thumb Code     0  libinit2.o(.ARM.Collect$$libinit$$00000011)
    __rt_lib_init_lc_ctype_1                 0x080001c7   Thumb Code     0  libinit2.o(.ARM.Collect$$libinit$$00000013)
    __rt_lib_init_lc_monetary_1              0x080001c7   Thumb Code     0  libinit2.o(.ARM.Collect$$libinit$$00000015)
    __rt_lib_init_lc_numeric_1               0x080001c7   Thumb Code     0  libinit2.o(.ARM.Collect$$libinit$$00000017)
    __rt_lib_init_lc_time_1                  0x080001c7   Thumb Code     0  libinit2.o(.ARM.Collect$$libinit$$00000019)
    __rt_lib_init_preinit_1                  0x080001c7   Thumb Code     0  libinit2.o(.ARM.Collect$$libinit$$00000004)
    __rt_lib_init_rand_1                     0x080001c7   Thumb Code     0  libinit2.o(.ARM.Collect$$libinit$$0000000E)
    __rt_lib_init_return                     0x080001c7   Thumb Code     0  libinit2.o(.ARM.Collect$$libinit$$00000033)
    __rt_lib_init_signal_1                   0x080001c7   Thumb Code     0  libinit2.o(.ARM.Collect$$libinit$$0000001D)
    __rt_lib_init_stdio_1                    0x080001c7   Thumb Code     0  libinit2.o(.ARM.Collect$$libinit$$00000025)
    __rt_lib_init_user_alloc_1               0x080001c7   Thumb Code     0  libinit2.o(.ARM.Collect$$libinit$$0000000C)
    __rt_lib_shutdown                        0x080001c9   Thumb Code     0  libshutdown.o(.ARM.Collect$$libshutdown$$00000000)
    __rt_lib_shutdown_cpp_1                  0x080001cb   Thumb Code     0  libshutdown2.o(.ARM.Collect$$libshutdown$$00000002)
    __rt_lib_shutdown_fp_trap_1              0x080001cb   Thumb Code     0  libshutdown2.o(.ARM.Collect$$libshutdown$$00000007)
    __rt_lib_shutdown_heap_1                 0x080001cb   Thumb Code     0  libshutdown2.o(.ARM.Collect$$libshutdown$$0000000F)
    __rt_lib_shutdown_return                 0x080001cb   Thumb Code     0  libshutdown2.o(.ARM.Collect$$libshutdown$$00000010)
    __rt_lib_shutdown_signal_1               0x080001cb   Thumb Code     0  libshutdown2.o(.ARM.Collect$$libshutdown$$0000000A)
    __rt_lib_shutdown_stdio_1                0x080001cb   Thumb Code     0  libshutdown2.o(.ARM.Collect$$libshutdown$$00000004)
    __rt_lib_shutdown_user_alloc_1           0x080001cb   Thumb Code     0  libshutdown2.o(.ARM.Collect$$libshutdown$$0000000C)
    __rt_entry                               0x080001cd   Thumb Code     0  __rtentry.o(.ARM.Collect$$rtentry$$00000000)
    __rt_entry_presh_1                       0x080001cd   Thumb Code     0  __rtentry2.o(.ARM.Collect$$rtentry$$00000002)
    __rt_entry_sh                            0x080001cd   Thumb Code     0  __rtentry4.o(.ARM.Collect$$rtentry$$00000004)
    __rt_entry_li                            0x080001d3   Thumb Code     0  __rtentry2.o(.ARM.Collect$$rtentry$$0000000A)
    __rt_entry_postsh_1                      0x080001d3   Thumb Code     0  __rtentry2.o(.ARM.Collect$$rtentry$$00000009)
    __rt_entry_main                          0x080001d7   Thumb Code     0  __rtentry2.o(.ARM.Collect$$rtentry$$0000000D)
    __rt_entry_postli_1                      0x080001d7   Thumb Code     0  __rtentry2.o(.ARM.Collect$$rtentry$$0000000C)
    __rt_exit                                0x080001df   Thumb Code     0  rtexit.o(.ARM.Collect$$rtexit$$00000000)
    __rt_exit_ls                             0x080001e1   Thumb Code     0  rtexit2.o(.ARM.Collect$$rtexit$$00000003)
    __rt_exit_prels_1                        0x080001e1   Thumb Code     0  rtexit2.o(.ARM.Collect$$rtexit$$00000002)
    __rt_exit_exit                           0x080001e5   Thumb Code     0  rtexit2.o(.ARM.Collect$$rtexit$$00000004)
    Reset_Handler                            0x080001ed   Thumb Code     8  startup_stm32f10x_cl.o(.text)
    ADC1_2_IRQHandler                        0x08000207   Thumb Code     0  startup_stm32f10x_cl.o(.text)
    CAN1_RX0_IRQHandler                      0x08000207   Thumb Code     0  startup_stm32f10x_cl.o(.text)
    CAN1_RX1_IRQHandler                      0x08000207   Thumb Code     0  startup_stm32f10x_cl.o(.text)
    CAN1_SCE_IRQHandler                      0x08000207   Thumb Code     0  startup_stm32f10x_cl.o(.text)
    CAN1_TX_IRQHandler                       0x08000207   Thumb Code     0  startup_stm32f10x_cl.o(.text)
    CAN2_RX0_IRQHandler                      0x08000207   Thumb Code     0  startup_stm32f10x_cl.o(.text)
    CAN2_RX1_IRQHandler                      0x08000207   Thumb Code     0  startup_stm32f10x_cl.o(.text)
    CAN2_SCE_IRQHandler                      0x08000207   Thumb Code     0  startup_stm32f10x_cl.o(.text)
    CAN2_TX_IRQHandler                       0x08000207   Thumb Code     0  startup_stm32f10x_cl.o(.text)
    DMA1_Channel1_IRQHandler                 0x08000207   Thumb Code     0  startup_stm32f10x_cl.o(.text)
    DMA1_Channel2_IRQHandler                 0x08000207   Thumb Code     0  startup_stm32f10x_cl.o(.text)
    DMA1_Channel3_IRQHandler                 0x08000207   Thumb Code     0  startup_stm32f10x_cl.o(.text)
    DMA1_Channel4_IRQHandler                 0x08000207   Thumb Code     0  startup_stm32f10x_cl.o(.text)
    DMA1_Channel5_IRQHandler                 0x08000207   Thumb Code     0  startup_stm32f10x_cl.o(.text)
    DMA1_Channel6_IRQHandler                 0x08000207   Thumb Code     0  startup_stm32f10x_cl.o(.text)
    DMA1_Channel7_IRQHandler                 0x08000207   Thumb Code     0  startup_stm32f10x_cl.o(.text)
    DMA2_Channel1_IRQHandler                 0x08000207   Thumb Code     0  startup_stm32f10x_cl.o(.text)
    DMA2_Channel2_IRQHandler                 0x08000207   Thumb Code     0  startup_stm32f10x_cl.o(.text)
    DMA2_Channel3_IRQHandler                 0x08000207   Thumb Code     0  startup_stm32f10x_cl.o(.text)
    DMA2_Channel4_IRQHandler                 0x08000207   Thumb Code     0  startup_stm32f10x_cl.o(.text)
    DMA2_Channel5_IRQHandler                 0x08000207   Thumb Code     0  startup_stm32f10x_cl.o(.text)
    ETH_IRQHandler                           0x08000207   Thumb Code     0  startup_stm32f10x_cl.o(.text)
    ETH_WKUP_IRQHandler                      0x08000207   Thumb Code     0  startup_stm32f10x_cl.o(.text)
    EXTI0_IRQHandler                         0x08000207   Thumb Code     0  startup_stm32f10x_cl.o(.text)
    EXTI15_10_IRQHandler                     0x08000207   Thumb Code     0  startup_stm32f10x_cl.o(.text)
    EXTI1_IRQHandler                         0x08000207   Thumb Code     0  startup_stm32f10x_cl.o(.text)
    EXTI2_IRQHandler                         0x08000207   Thumb Code     0  startup_stm32f10x_cl.o(.text)
    EXTI3_IRQHandler                         0x08000207   Thumb Code     0  startup_stm32f10x_cl.o(.text)
    EXTI4_IRQHandler                         0x08000207   Thumb Code     0  startup_stm32f10x_cl.o(.text)
    EXTI9_5_IRQHandler                       0x08000207   Thumb Code     0  startup_stm32f10x_cl.o(.text)
    FLASH_IRQHandler                         0x08000207   Thumb Code     0  startup_stm32f10x_cl.o(.text)
    I2C1_ER_IRQHandler                       0x08000207   Thumb Code     0  startup_stm32f10x_cl.o(.text)
    I2C1_EV_IRQHandler                       0x08000207   Thumb Code     0  startup_stm32f10x_cl.o(.text)
    I2C2_ER_IRQHandler                       0x08000207   Thumb Code     0  startup_stm32f10x_cl.o(.text)
    I2C2_EV_IRQHandler                       0x08000207   Thumb Code     0  startup_stm32f10x_cl.o(.text)
    OTG_FS_IRQHandler                        0x08000207   Thumb Code     0  startup_stm32f10x_cl.o(.text)
    OTG_FS_WKUP_IRQHandler                   0x08000207   Thumb Code     0  startup_stm32f10x_cl.o(.text)
    PVD_IRQHandler                           0x08000207   Thumb Code     0  startup_stm32f10x_cl.o(.text)
    RCC_IRQHandler                           0x08000207   Thumb Code     0  startup_stm32f10x_cl.o(.text)
    RTCAlarm_IRQHandler                      0x08000207   Thumb Code     0  startup_stm32f10x_cl.o(.text)
    RTC_IRQHandler                           0x08000207   Thumb Code     0  startup_stm32f10x_cl.o(.text)
    SPI1_IRQHandler                          0x08000207   Thumb Code     0  startup_stm32f10x_cl.o(.text)
    SPI2_IRQHandler                          0x08000207   Thumb Code     0  startup_stm32f10x_cl.o(.text)
    SPI3_IRQHandler                          0x08000207   Thumb Code     0  startup_stm32f10x_cl.o(.text)
    TAMPER_IRQHandler                        0x08000207   Thumb Code     0  startup_stm32f10x_cl.o(.text)
    TIM1_BRK_IRQHandler                      0x08000207   Thumb Code     0  startup_stm32f10x_cl.o(.text)
    TIM1_CC_IRQHandler                       0x08000207   Thumb Code     0  startup_stm32f10x_cl.o(.text)
    TIM1_TRG_COM_IRQHandler                  0x08000207   Thumb Code     0  startup_stm32f10x_cl.o(.text)
    TIM1_UP_IRQHandler                       0x08000207   Thumb Code     0  startup_stm32f10x_cl.o(.text)
    TIM2_IRQHandler                          0x08000207   Thumb Code     0  startup_stm32f10x_cl.o(.text)
    TIM3_IRQHandler                          0x08000207   Thumb Code     0  startup_stm32f10x_cl.o(.text)
    TIM4_IRQHandler                          0x08000207   Thumb Code     0  startup_stm32f10x_cl.o(.text)
    TIM5_IRQHandler                          0x08000207   Thumb Code     0  startup_stm32f10x_cl.o(.text)
    TIM6_IRQHandler                          0x08000207   Thumb Code     0  startup_stm32f10x_cl.o(.text)
    TIM7_IRQHandler                          0x08000207   Thumb Code     0  startup_stm32f10x_cl.o(.text)
    UART4_IRQHandler                         0x08000207   Thumb Code     0  startup_stm32f10x_cl.o(.text)
    UART5_IRQHandler                         0x08000207   Thumb Code     0  startup_stm32f10x_cl.o(.text)
    USART1_IRQHandler                        0x08000207   Thumb Code     0  startup_stm32f10x_cl.o(.text)
    USART2_IRQHandler                        0x08000207   Thumb Code     0  startup_stm32f10x_cl.o(.text)
    USART3_IRQHandler                        0x08000207   Thumb Code     0  startup_stm32f10x_cl.o(.text)
    WWDG_IRQHandler                          0x08000207   Thumb Code     0  startup_stm32f10x_cl.o(.text)
    __user_initial_stackheap                 0x08000209   Thumb Code     0  startup_stm32f10x_cl.o(.text)
    __use_two_region_memory                  0x0800022d   Thumb Code     2  heapauxi.o(.text)
    __rt_heap_escrow$2region                 0x0800022f   Thumb Code     2  heapauxi.o(.text)
    __rt_heap_expand$2region                 0x08000231   Thumb Code     2  heapauxi.o(.text)
    __user_setup_stackheap                   0x08000233   Thumb Code    74  sys_stackheap_outer.o(.text)
    exit                                     0x0800027d   Thumb Code    18  exit.o(.text)
    __user_libspace                          0x08000291   Thumb Code     8  libspace.o(.text)
    __user_perproc_libspace                  0x08000291   Thumb Code     0  libspace.o(.text)
    __user_perthread_libspace                0x08000291   Thumb Code     0  libspace.o(.text)
    _sys_exit                                0x08000299   Thumb Code     8  sys_exit.o(.text)
    __I$use$semihosting                      0x080002a5   Thumb Code     0  use_no_semi.o(.text)
    __use_no_semihosting_swi                 0x080002a5   Thumb Code     2  use_no_semi.o(.text)
    __semihosting_library_function           0x080002a7   Thumb Code     0  indicate_semi.o(.text)
    BusFault_Handler                         0x080002a9   Thumb Code     4  lto-llvm-c8b2bf.o(.text.BusFault_Handler)
    DebugMon_Handler                         0x080002ad   Thumb Code     2  lto-llvm-c8b2bf.o(.text.DebugMon_Handler)
    HardFault_Handler                        0x08000469   Thumb Code     4  lto-llvm-c8b2bf.o(.text.HardFault_Handler)
    MemManage_Handler                        0x0800046d   Thumb Code     4  lto-llvm-c8b2bf.o(.text.MemManage_Handler)
    NMI_Handler                              0x08000471   Thumb Code     2  lto-llvm-c8b2bf.o(.text.NMI_Handler)
    PendSV_Handler                           0x08000475   Thumb Code     2  lto-llvm-c8b2bf.o(.text.PendSV_Handler)
    SVC_Handler                              0x080004b1   Thumb Code     2  lto-llvm-c8b2bf.o(.text.SVC_Handler)
    SysTick_Handler                          0x0800067d   Thumb Code     8  lto-llvm-c8b2bf.o(.text.SysTick_Handler)
    SystemInit                               0x08000685   Thumb Code   122  lto-llvm-c8b2bf.o(.text.SystemInit)
    UsageFault_Handler                       0x08000881   Thumb Code     4  lto-llvm-c8b2bf.o(.text.UsageFault_Handler)
    main                                     0x08000a29   Thumb Code   164  lto-llvm-c8b2bf.o(.text.main)
    Region$$Table$$Base                      0x08000b60   Number         0  anon$$obj.o(Region$$Table)
    Region$$Table$$Limit                     0x08000b80   Number         0  anon$$obj.o(Region$$Table)
    __libspace_start                         0x20000008   Data          96  libspace.o(.bss)
    __temporary_stack_top$libspace           0x20000068   Data           0  libspace.o(.bss)



==============================================================================

Memory Map of the image

  Image Entry point : 0x08000151

  Load Region LR_IROM1 (Base: 0x08000000, Size: 0x00000b88, Max: 0x00040000, ABSOLUTE)

    Execution Region ER_IROM1 (Base: 0x08000000, Size: 0x00000b80, Max: 0x00040000, ABSOLUTE)

    Base Addr    Size         Type   Attr      Idx    E Section Name        Object

    0x08000000   0x00000150   Data   RO           33    RESET               startup_stm32f10x_cl.o
    0x08000150   0x00000008   Code   RO           44  * !!!main             c_wu.l(__main.o)
    0x08000158   0x00000034   Code   RO          293    !!!scatter          c_wu.l(__scatter.o)
    0x0800018c   0x0000001a   Code   RO          295    !!handler_copy      c_wu.l(__scatter_copy.o)
    0x080001a6   0x00000002   PAD
    0x080001a8   0x0000001c   Code   RO          297    !!handler_zi        c_wu.l(__scatter_zi.o)
    0x080001c4   0x00000002   Code   RO           71    .ARM.Collect$$libinit$$00000000  c_wu.l(libinit.o)
    0x080001c6   0x00000000   Code   RO           78    .ARM.Collect$$libinit$$00000002  c_wu.l(libinit2.o)
    0x080001c6   0x00000000   Code   RO           80    .ARM.Collect$$libinit$$00000004  c_wu.l(libinit2.o)
    0x080001c6   0x00000000   Code   RO           83    .ARM.Collect$$libinit$$0000000A  c_wu.l(libinit2.o)
    0x080001c6   0x00000000   Code   RO           85    .ARM.Collect$$libinit$$0000000C  c_wu.l(libinit2.o)
    0x080001c6   0x00000000   Code   RO           87    .ARM.Collect$$libinit$$0000000E  c_wu.l(libinit2.o)
    0x080001c6   0x00000000   Code   RO           90    .ARM.Collect$$libinit$$00000011  c_wu.l(libinit2.o)
    0x080001c6   0x00000000   Code   RO           92    .ARM.Collect$$libinit$$00000013  c_wu.l(libinit2.o)
    0x080001c6   0x00000000   Code   RO           94    .ARM.Collect$$libinit$$00000015  c_wu.l(libinit2.o)
    0x080001c6   0x00000000   Code   RO           96    .ARM.Collect$$libinit$$00000017  c_wu.l(libinit2.o)
    0x080001c6   0x00000000   Code   RO           98    .ARM.Collect$$libinit$$00000019  c_wu.l(libinit2.o)
    0x080001c6   0x00000000   Code   RO          100    .ARM.Collect$$libinit$$0000001B  c_wu.l(libinit2.o)
    0x080001c6   0x00000000   Code   RO          102    .ARM.Collect$$libinit$$0000001D  c_wu.l(libinit2.o)
    0x080001c6   0x00000000   Code   RO          104    .ARM.Collect$$libinit$$0000001F  c_wu.l(libinit2.o)
    0x080001c6   0x00000000   Code   RO          106    .ARM.Collect$$libinit$$00000021  c_wu.l(libinit2.o)
    0x080001c6   0x00000000   Code   RO          108    .ARM.Collect$$libinit$$00000023  c_wu.l(libinit2.o)
    0x080001c6   0x00000000   Code   RO          110    .ARM.Collect$$libinit$$00000025  c_wu.l(libinit2.o)
    0x080001c6   0x00000000   Code   RO          114    .ARM.Collect$$libinit$$0000002C  c_wu.l(libinit2.o)
    0x080001c6   0x00000000   Code   RO          116    .ARM.Collect$$libinit$$0000002E  c_wu.l(libinit2.o)
    0x080001c6   0x00000000   Code   RO          118    .ARM.Collect$$libinit$$00000030  c_wu.l(libinit2.o)
    0x080001c6   0x00000000   Code   RO          120    .ARM.Collect$$libinit$$00000032  c_wu.l(libinit2.o)
    0x080001c6   0x00000002   Code   RO          121    .ARM.Collect$$libinit$$00000033  c_wu.l(libinit2.o)
    0x080001c8   0x00000002   Code   RO          143    .ARM.Collect$$libshutdown$$00000000  c_wu.l(libshutdown.o)
    0x080001ca   0x00000000   Code   RO          158    .ARM.Collect$$libshutdown$$00000002  c_wu.l(libshutdown2.o)
    0x080001ca   0x00000000   Code   RO          160    .ARM.Collect$$libshutdown$$00000004  c_wu.l(libshutdown2.o)
    0x080001ca   0x00000000   Code   RO          163    .ARM.Collect$$libshutdown$$00000007  c_wu.l(libshutdown2.o)
    0x080001ca   0x00000000   Code   RO          166    .ARM.Collect$$libshutdown$$0000000A  c_wu.l(libshutdown2.o)
    0x080001ca   0x00000000   Code   RO          168    .ARM.Collect$$libshutdown$$0000000C  c_wu.l(libshutdown2.o)
    0x080001ca   0x00000000   Code   RO          171    .ARM.Collect$$libshutdown$$0000000F  c_wu.l(libshutdown2.o)
    0x080001ca   0x00000002   Code   RO          172    .ARM.Collect$$libshutdown$$00000010  c_wu.l(libshutdown2.o)
    0x080001cc   0x00000000   Code   RO           46    .ARM.Collect$$rtentry$$00000000  c_wu.l(__rtentry.o)
    0x080001cc   0x00000000   Code   RO           48    .ARM.Collect$$rtentry$$00000002  c_wu.l(__rtentry2.o)
    0x080001cc   0x00000006   Code   RO           60    .ARM.Collect$$rtentry$$00000004  c_wu.l(__rtentry4.o)
    0x080001d2   0x00000000   Code   RO           50    .ARM.Collect$$rtentry$$00000009  c_wu.l(__rtentry2.o)
    0x080001d2   0x00000004   Code   RO           51    .ARM.Collect$$rtentry$$0000000A  c_wu.l(__rtentry2.o)
    0x080001d6   0x00000000   Code   RO           53    .ARM.Collect$$rtentry$$0000000C  c_wu.l(__rtentry2.o)
    0x080001d6   0x00000008   Code   RO           54    .ARM.Collect$$rtentry$$0000000D  c_wu.l(__rtentry2.o)
    0x080001de   0x00000002   Code   RO           75    .ARM.Collect$$rtexit$$00000000  c_wu.l(rtexit.o)
    0x080001e0   0x00000000   Code   RO          123    .ARM.Collect$$rtexit$$00000002  c_wu.l(rtexit2.o)
    0x080001e0   0x00000004   Code   RO          124    .ARM.Collect$$rtexit$$00000003  c_wu.l(rtexit2.o)
    0x080001e4   0x00000006   Code   RO          125    .ARM.Collect$$rtexit$$00000004  c_wu.l(rtexit2.o)
    0x080001ea   0x00000002   PAD
    0x080001ec   0x00000040   Code   RO           34    .text               startup_stm32f10x_cl.o
    0x0800022c   0x00000006   Code   RO           42    .text               c_wu.l(heapauxi.o)
    0x08000232   0x0000004a   Code   RO           62    .text               c_wu.l(sys_stackheap_outer.o)
    0x0800027c   0x00000012   Code   RO           64    .text               c_wu.l(exit.o)
    0x0800028e   0x00000002   PAD
    0x08000290   0x00000008   Code   RO           72    .text               c_wu.l(libspace.o)
    0x08000298   0x0000000c   Code   RO          133    .text               c_wu.l(sys_exit.o)
    0x080002a4   0x00000002   Code   RO          148    .text               c_wu.l(use_no_semi.o)
    0x080002a6   0x00000000   Code   RO          150    .text               c_wu.l(indicate_semi.o)
    0x080002a6   0x00000002   PAD
    0x080002a8   0x00000004   Code   RO          260    .text.BusFault_Handler  lto-llvm-c8b2bf.o
    0x080002ac   0x00000002   Code   RO          266    .text.DebugMon_Handler  lto-llvm-c8b2bf.o
    0x080002ae   0x00000002   PAD
    0x080002b0   0x00000190   Code   RO          206    .text.GPIO_Init     lto-llvm-c8b2bf.o
    0x08000440   0x00000014   Code   RO          210    .text.GPIO_ResetBits  lto-llvm-c8b2bf.o
    0x08000454   0x00000014   Code   RO          208    .text.GPIO_SetBits  lto-llvm-c8b2bf.o
    0x08000468   0x00000004   Code   RO          256    .text.HardFault_Handler  lto-llvm-c8b2bf.o
    0x0800046c   0x00000004   Code   RO          258    .text.MemManage_Handler  lto-llvm-c8b2bf.o
    0x08000470   0x00000002   Code   RO          254    .text.NMI_Handler   lto-llvm-c8b2bf.o
    0x08000472   0x00000002   PAD
    0x08000474   0x00000002   Code   RO          268    .text.PendSV_Handler  lto-llvm-c8b2bf.o
    0x08000476   0x00000002   PAD
    0x08000478   0x00000038   Code   RO          212    .text.RCC_APB2PeriphClockCmd  lto-llvm-c8b2bf.o
    0x080004b0   0x00000002   Code   RO          264    .text.SVC_Handler   lto-llvm-c8b2bf.o
    0x080004b2   0x00000002   PAD
    0x080004b4   0x00000008   Code   RO          274    .text.SetSysClock   lto-llvm-c8b2bf.o
    0x080004bc   0x0000016c   Code   RO          276    .text.SetSysClockTo72  lto-llvm-c8b2bf.o
    0x08000628   0x00000052   Code   RO          230    .text.SysTick_Config  lto-llvm-c8b2bf.o
    0x0800067a   0x00000002   PAD
    0x0800067c   0x00000008   Code   RO          270    .text.SysTick_Handler  lto-llvm-c8b2bf.o
    0x08000684   0x0000007a   Code   RO          272    .text.SystemInit    lto-llvm-c8b2bf.o
    0x080006fe   0x00000002   PAD
    0x08000700   0x0000003e   Code   RO          234    .text.TM_add_task   lto-llvm-c8b2bf.o
    0x0800073e   0x00000002   PAD
    0x08000740   0x00000008   Code   RO          228    .text.TM_init       lto-llvm-c8b2bf.o
    0x08000748   0x0000002e   Code   RO          238    .text.TM_is_task_exixt  lto-llvm-c8b2bf.o
    0x08000776   0x00000002   PAD
    0x08000778   0x00000020   Code   RO          236    .text.TM_kill_by_PID  lto-llvm-c8b2bf.o
    0x08000798   0x000000e6   Code   RO          240    .text.TM_run        lto-llvm-c8b2bf.o
    0x0800087e   0x00000002   PAD
    0x08000880   0x00000004   Code   RO          262    .text.UsageFault_Handler  lto-llvm-c8b2bf.o
    0x08000884   0x00000040   Code   RO          232    .text.__NVIC_SetPriority  lto-llvm-c8b2bf.o
    0x080008c4   0x00000016   Code   RO          226    .text._add          lto-llvm-c8b2bf.o
    0x080008da   0x00000002   PAD
    0x080008dc   0x00000016   Code   RO          224    .text._delete       lto-llvm-c8b2bf.o
    0x080008f2   0x00000002   PAD
    0x080008f4   0x00000004   Code   RO          220    .text._error_handle  lto-llvm-c8b2bf.o
    0x080008f8   0x00000048   Code   RO          222    .text._get_pos_to_add  lto-llvm-c8b2bf.o
    0x08000940   0x0000004a   Code   RO          250    .text.beep_cycle    lto-llvm-c8b2bf.o
    0x0800098a   0x00000002   PAD
    0x0800098c   0x00000034   Code   RO          248    .text.beep_init     lto-llvm-c8b2bf.o
    0x080009c0   0x0000000c   Code   RO          214    .text.get_systick   lto-llvm-c8b2bf.o
    0x080009cc   0x0000000a   Code   RO          216    .text.get_systime   lto-llvm-c8b2bf.o
    0x080009d6   0x00000002   PAD
    0x080009d8   0x0000001c   Code   RO          246    .text.led_cycle     lto-llvm-c8b2bf.o
    0x080009f4   0x00000034   Code   RO          242    .text.led_init      lto-llvm-c8b2bf.o
    0x08000a28   0x000000a4   Code   RO          252    .text.main          lto-llvm-c8b2bf.o
    0x08000acc   0x00000082   Code   RO          244    .text.next_Led      lto-llvm-c8b2bf.o
    0x08000b4e   0x00000002   PAD
    0x08000b50   0x00000010   Code   RO          218    .text.update_systime  lto-llvm-c8b2bf.o
    0x08000b60   0x00000020   Data   RO          292    Region$$Table       anon$$obj.o


    Execution Region RW_IRAM1 (Base: 0x20000000, Size: 0x000006a8, Max: 0x00010000, ABSOLUTE)

    Base Addr    Size         Type   Attr      Idx    E Section Name        Object

    0x20000000   0x00000004   Data   RW          282    .data.led_cycle.led_state  lto-llvm-c8b2bf.o
    0x20000004   0x00000004   PAD
    0x20000008   0x00000060   Zero   RW           73    .bss                c_wu.l(libspace.o)
    0x20000068   0x00000004   Zero   RW          281    .bss.TM_run.systime_old  lto-llvm-c8b2bf.o
    0x2000006c   0x00000001   Zero   RW          283    .bss.beep_cycle.beep_state  lto-llvm-c8b2bf.o
    0x2000006d   0x00000003   PAD
    0x20000070   0x00000004   Zero   RW          278    .bss.systick        lto-llvm-c8b2bf.o
    0x20000074   0x00000028   Zero   RW          280    .bss.task_list      lto-llvm-c8b2bf.o
    0x2000009c   0x0000000a   Zero   RW          279    .bss.task_list_state  lto-llvm-c8b2bf.o
    0x200000a6   0x00000002   PAD
    0x200000a8   0x00000200   Zero   RW           32    HEAP                startup_stm32f10x_cl.o
    0x200002a8   0x00000400   Zero   RW           31    STACK               startup_stm32f10x_cl.o


==============================================================================

Image component sizes


      Code (inc. data)   RO Data    RW Data    ZI Data      Debug   Object Name

      2204          4          0          4         59      26489   lto-llvm-c8b2bf.o
        64         26        336          0       1536        920   startup_stm32f10x_cl.o

    ----------------------------------------------------------------------
      2296         30        368          4       1604      27409   Object Totals
         0          0         32          0          0          0   (incl. Generated)
        28          0          0          0          9          0   (incl. Padding)

    ----------------------------------------------------------------------

      Code (inc. data)   RO Data    RW Data    ZI Data      Debug   Library Member Name

         8          0          0          0          0         68   __main.o
         0          0          0          0          0          0   __rtentry.o
        12          0          0          0          0          0   __rtentry2.o
         6          0          0          0          0          0   __rtentry4.o
        52          8          0          0          0          0   __scatter.o
        26          0          0          0          0          0   __scatter_copy.o
        28          0          0          0          0          0   __scatter_zi.o
        18          0          0          0          0         80   exit.o
         6          0          0          0          0        152   heapauxi.o
         0          0          0          0          0          0   indicate_semi.o
         2          0          0          0          0          0   libinit.o
         2          0          0          0          0          0   libinit2.o
         2          0          0          0          0          0   libshutdown.o
         2          0          0          0          0          0   libshutdown2.o
         8          4          0          0         96         68   libspace.o
         2          0          0          0          0          0   rtexit.o
        10          0          0          0          0          0   rtexit2.o
        12          4          0          0          0         68   sys_exit.o
        74          0          0          0          0         80   sys_stackheap_outer.o
         2          0          0          0          0         68   use_no_semi.o

    ----------------------------------------------------------------------
       280         16          0          0         96        584   Library Totals
         8          0          0          0          0          0   (incl. Padding)

    ----------------------------------------------------------------------

      Code (inc. data)   RO Data    RW Data    ZI Data      Debug   Library Name

       272         16          0          0         96        584   c_wu.l

    ----------------------------------------------------------------------
       280         16          0          0         96        584   Library Totals

    ----------------------------------------------------------------------

==============================================================================


      Code (inc. data)   RO Data    RW Data    ZI Data      Debug   

      2576         46        368          4       1700      27885   Grand Totals
      2576         46        368          4       1700      27885   ELF Image Totals
      2576         46        368          4          0          0   ROM Totals

==============================================================================

    Total RO  Size (Code + RO Data)                 2944 (   2.88kB)
    Total RW  Size (RW Data + ZI Data)              1704 (   1.66kB)
    Total ROM Size (Code + RO Data + RW Data)       2948 (   2.88kB)

==============================================================================

